
[2026-07-17 21:48:58] INFO Fracture Preview requested
input_path=samples\speedtree\BigSpruce\SkeletalAssemblyTest_Spruce_Big_low.xml
output_path=tmp\fracture_ui_after_fix\repo_big_spruce\ui\fracture-preview-rapid-settings\000\SkeletalAssemblyTest_Spruce_Big_low.usda
target_branch_count=5
force_stump_piece=False
separate_stems=False
branch_height_bias=0.0
generate_caps=True
detailed_cuts_enabled=True
detailed_cut_intensity=20.0
detailed_cut_scale=0.65
detailed_cut_density=8
detailed_cut_max_bend_angle=30.0
preview_polycount=1000000
remove_small_branches=0.0
preview_base_priority=0.33
preview_prototype_faces=2000

[2026-07-17 21:48:58] INFO Fracture Preview settings changed
target_branch_count=5
force_stump_piece=True
separate_stems=False
branch_height_bias=0.0
generate_caps=True
detailed_cuts_enabled=True
detailed_cut_intensity=20.0
detailed_cut_scale=0.65
detailed_cut_density=8
detailed_cut_max_bend_angle=30.0
preview_polycount=1000000
remove_small_branches=0.0
preview_base_priority=0.33

[2026-07-17 21:48:58] INFO Fracture Preview settings changed
target_branch_count=5
force_stump_piece=True
separate_stems=False
branch_height_bias=0.0
generate_caps=False
detailed_cuts_enabled=True
detailed_cut_intensity=20.0
detailed_cut_scale=0.65
detailed_cut_density=8
detailed_cut_max_bend_angle=30.0
preview_polycount=1000000
remove_small_branches=0.0
preview_base_priority=0.33

[2026-07-17 21:48:58] INFO Fracture Preview settings changed
target_branch_count=5
force_stump_piece=True
separate_stems=False
branch_height_bias=-1.0
generate_caps=False
detailed_cuts_enabled=True
detailed_cut_intensity=20.0
detailed_cut_scale=0.65
detailed_cut_density=8
detailed_cut_max_bend_angle=30.0
preview_polycount=1000000
remove_small_branches=0.0
preview_base_priority=0.33

[2026-07-17 21:48:58] INFO Fracture Preview settings changed
target_branch_count=5
force_stump_piece=True
separate_stems=False
branch_height_bias=-1.0
generate_caps=False
detailed_cuts_enabled=True
detailed_cut_intensity=0.0
detailed_cut_scale=0.65
detailed_cut_density=8
detailed_cut_max_bend_angle=30.0
preview_polycount=1000000
remove_small_branches=0.0
preview_base_priority=0.33

[2026-07-17 21:48:58] INFO Fracture Preview settings changed
target_branch_count=5
force_stump_piece=True
separate_stems=False
branch_height_bias=-1.0
generate_caps=False
detailed_cuts_enabled=True
detailed_cut_intensity=0.0
detailed_cut_scale=0.1
detailed_cut_density=8
detailed_cut_max_bend_angle=30.0
preview_polycount=1000000
remove_small_branches=0.0
preview_base_priority=0.33

[2026-07-17 21:48:58] INFO Fracture Preview settings changed
target_branch_count=5
force_stump_piece=True
separate_stems=False
branch_height_bias=-1.0
generate_caps=False
detailed_cuts_enabled=True
detailed_cut_intensity=0.0
detailed_cut_scale=0.1
detailed_cut_density=4
detailed_cut_max_bend_angle=30.0
preview_polycount=1000000
remove_small_branches=0.0
preview_base_priority=0.33

[2026-07-17 21:48:58] INFO Fracture Preview settings changed
target_branch_count=5
force_stump_piece=True
separate_stems=False
branch_height_bias=-1.0
generate_caps=False
detailed_cuts_enabled=True
detailed_cut_intensity=0.0
detailed_cut_scale=0.1
detailed_cut_density=4
detailed_cut_max_bend_angle=5.0
preview_polycount=1000000
remove_small_branches=0.0
preview_base_priority=0.33

[2026-07-17 21:48:59] INFO Fracture Preview settings changed
target_branch_count=5
force_stump_piece=False
separate_stems=False
branch_height_bias=-1.0
generate_caps=False
detailed_cuts_enabled=True
detailed_cut_intensity=0.0
detailed_cut_scale=0.1
detailed_cut_density=4
detailed_cut_max_bend_angle=5.0
preview_polycount=1000000
remove_small_branches=0.0
preview_base_priority=0.33

[2026-07-17 21:48:59] INFO Fracture Preview settings changed
target_branch_count=5
force_stump_piece=False
separate_stems=False
branch_height_bias=-1.0
generate_caps=True
detailed_cuts_enabled=True
detailed_cut_intensity=0.0
detailed_cut_scale=0.1
detailed_cut_density=4
detailed_cut_max_bend_angle=5.0
preview_polycount=1000000
remove_small_branches=0.0
preview_base_priority=0.33

[2026-07-17 21:48:59] INFO Fracture Preview settings changed
target_branch_count=14
force_stump_piece=False
separate_stems=False
branch_height_bias=-1.0
generate_caps=True
detailed_cuts_enabled=True
detailed_cut_intensity=0.0
detailed_cut_scale=0.1
detailed_cut_density=4
detailed_cut_max_bend_angle=5.0
preview_polycount=1000000
remove_small_branches=0.0
preview_base_priority=0.33

[2026-07-17 21:48:59] INFO Fracture Preview settings changed
target_branch_count=14
force_stump_piece=False
separate_stems=False
branch_height_bias=0.0
generate_caps=True
detailed_cuts_enabled=True
detailed_cut_intensity=0.0
detailed_cut_scale=0.1
detailed_cut_density=4
detailed_cut_max_bend_angle=5.0
preview_polycount=1000000
remove_small_branches=0.0
preview_base_priority=0.33

[2026-07-17 21:48:59] INFO Fracture Preview settings changed
target_branch_count=14
force_stump_piece=False
separate_stems=False
branch_height_bias=0.0
generate_caps=True
detailed_cuts_enabled=True
detailed_cut_intensity=0.0
detailed_cut_scale=0.1
detailed_cut_density=4
detailed_cut_max_bend_angle=5.0
preview_polycount=1000000
remove_small_branches=0.0
preview_base_priority=0.74

[2026-07-17 21:48:59] INFO Fracture Preview settings changed
target_branch_count=14
force_stump_piece=False
separate_stems=False
branch_height_bias=0.0
generate_caps=True
detailed_cuts_enabled=False
detailed_cut_intensity=0.0
detailed_cut_scale=0.1
detailed_cut_density=4
detailed_cut_max_bend_angle=5.0
preview_polycount=1000000
remove_small_branches=0.0
preview_base_priority=0.74

[2026-07-17 21:48:59] INFO Fracture Preview settings changed
target_branch_count=14
force_stump_piece=False
separate_stems=False
branch_height_bias=0.0
generate_caps=True
detailed_cuts_enabled=False
detailed_cut_intensity=20.0
detailed_cut_scale=0.1
detailed_cut_density=4
detailed_cut_max_bend_angle=5.0
preview_polycount=1000000
remove_small_branches=0.0
preview_base_priority=0.74

[2026-07-17 21:48:59] INFO Fracture Preview settings changed
target_branch_count=14
force_stump_piece=False
separate_stems=False
branch_height_bias=0.0
generate_caps=True
detailed_cuts_enabled=False
detailed_cut_intensity=20.0
detailed_cut_scale=0.65
detailed_cut_density=4
detailed_cut_max_bend_angle=5.0
preview_polycount=1000000
remove_small_branches=0.0
preview_base_priority=0.74

[2026-07-17 21:48:59] INFO Fracture Preview settings changed
target_branch_count=14
force_stump_piece=False
separate_stems=False
branch_height_bias=0.0
generate_caps=True
detailed_cuts_enabled=False
detailed_cut_intensity=20.0
detailed_cut_scale=0.65
detailed_cut_density=8
detailed_cut_max_bend_angle=5.0
preview_polycount=1000000
remove_small_branches=0.0
preview_base_priority=0.74

[2026-07-17 21:48:59] INFO Fracture Preview settings changed
target_branch_count=14
force_stump_piece=False
separate_stems=False
branch_height_bias=0.0
generate_caps=True
detailed_cuts_enabled=False
detailed_cut_intensity=20.0
detailed_cut_scale=0.65
detailed_cut_density=8
detailed_cut_max_bend_angle=30.0
preview_polycount=1000000
remove_small_branches=0.0
preview_base_priority=0.74

[2026-07-17 21:48:59] INFO Fracture Preview settings changed
target_branch_count=14
force_stump_piece=True
separate_stems=False
branch_height_bias=0.0
generate_caps=True
detailed_cuts_enabled=False
detailed_cut_intensity=20.0
detailed_cut_scale=0.65
detailed_cut_density=8
detailed_cut_max_bend_angle=30.0
preview_polycount=1000000
remove_small_branches=0.0
preview_base_priority=0.74

[2026-07-17 21:48:59] INFO Fracture Preview settings changed
target_branch_count=26
force_stump_piece=True
separate_stems=False
branch_height_bias=0.0
generate_caps=True
detailed_cuts_enabled=False
detailed_cut_intensity=20.0
detailed_cut_scale=0.65
detailed_cut_density=8
detailed_cut_max_bend_angle=30.0
preview_polycount=1000000
remove_small_branches=0.0
preview_base_priority=0.74

[2026-07-17 21:48:59] INFO Fracture Preview settings changed
target_branch_count=26
force_stump_piece=True
separate_stems=False
branch_height_bias=1.0
generate_caps=True
detailed_cuts_enabled=False
detailed_cut_intensity=20.0
detailed_cut_scale=0.65
detailed_cut_density=8
detailed_cut_max_bend_angle=30.0
preview_polycount=1000000
remove_small_branches=0.0
preview_base_priority=0.74

[2026-07-17 21:48:59] INFO Fracture Preview settings changed
target_branch_count=26
force_stump_piece=True
separate_stems=False
branch_height_bias=1.0
generate_caps=True
detailed_cuts_enabled=False
detailed_cut_intensity=20.0
detailed_cut_scale=0.65
detailed_cut_density=8
detailed_cut_max_bend_angle=30.0
preview_polycount=1000000
remove_small_branches=0.0
preview_base_priority=0.51

[2026-07-17 21:48:59] INFO Fracture Preview settings changed
target_branch_count=26
force_stump_piece=True
separate_stems=False
branch_height_bias=1.0
generate_caps=True
detailed_cuts_enabled=True
detailed_cut_intensity=20.0
detailed_cut_scale=0.65
detailed_cut_density=8
detailed_cut_max_bend_angle=30.0
preview_polycount=1000000
remove_small_branches=0.0
preview_base_priority=0.51

[2026-07-17 21:48:59] INFO Fracture Preview settings changed
target_branch_count=26
force_stump_piece=True
separate_stems=False
branch_height_bias=1.0
generate_caps=True
detailed_cuts_enabled=True
detailed_cut_intensity=55.0
detailed_cut_scale=0.65
detailed_cut_density=8
detailed_cut_max_bend_angle=30.0
preview_polycount=1000000
remove_small_branches=0.0
preview_base_priority=0.51

[2026-07-17 21:48:59] INFO Fracture Preview settings changed
target_branch_count=26
force_stump_piece=True
separate_stems=False
branch_height_bias=1.0
generate_caps=True
detailed_cuts_enabled=True
detailed_cut_intensity=55.0
detailed_cut_scale=1.25
detailed_cut_density=8
detailed_cut_max_bend_angle=30.0
preview_polycount=1000000
remove_small_branches=0.0
preview_base_priority=0.51

[2026-07-17 21:48:59] INFO Fracture Preview settings changed
target_branch_count=26
force_stump_piece=True
separate_stems=False
branch_height_bias=1.0
generate_caps=True
detailed_cuts_enabled=True
detailed_cut_intensity=55.0
detailed_cut_scale=1.25
detailed_cut_density=24
detailed_cut_max_bend_angle=30.0
preview_polycount=1000000
remove_small_branches=0.0
preview_base_priority=0.51

[2026-07-17 21:48:59] INFO Fracture Preview settings changed
target_branch_count=26
force_stump_piece=True
separate_stems=False
branch_height_bias=1.0
generate_caps=True
detailed_cuts_enabled=True
detailed_cut_intensity=55.0
detailed_cut_scale=1.25
detailed_cut_density=24
detailed_cut_max_bend_angle=75.0
preview_polycount=1000000
remove_small_branches=0.0
preview_base_priority=0.51

[2026-07-17 21:48:59] INFO Fracture Preview settings changed
target_branch_count=26
force_stump_piece=False
separate_stems=False
branch_height_bias=1.0
generate_caps=True
detailed_cuts_enabled=True
detailed_cut_intensity=55.0
detailed_cut_scale=1.25
detailed_cut_density=24
detailed_cut_max_bend_angle=75.0
preview_polycount=1000000
remove_small_branches=0.0
preview_base_priority=0.51

[2026-07-17 21:48:59] INFO Fracture Preview settings changed
target_branch_count=26
force_stump_piece=False
separate_stems=False
branch_height_bias=1.0
generate_caps=False
detailed_cuts_enabled=True
detailed_cut_intensity=55.0
detailed_cut_scale=1.25
detailed_cut_density=24
detailed_cut_max_bend_angle=75.0
preview_polycount=1000000
remove_small_branches=0.0
preview_base_priority=0.51

[2026-07-17 21:48:59] INFO Fracture Preview settings changed
target_branch_count=5
force_stump_piece=False
separate_stems=False
branch_height_bias=1.0
generate_caps=False
detailed_cuts_enabled=True
detailed_cut_intensity=55.0
detailed_cut_scale=1.25
detailed_cut_density=24
detailed_cut_max_bend_angle=75.0
preview_polycount=1000000
remove_small_branches=0.0
preview_base_priority=0.51

[2026-07-17 21:48:59] INFO Fracture Preview settings changed
target_branch_count=5
force_stump_piece=False
separate_stems=False
branch_height_bias=-1.0
generate_caps=False
detailed_cuts_enabled=True
detailed_cut_intensity=55.0
detailed_cut_scale=1.25
detailed_cut_density=24
detailed_cut_max_bend_angle=75.0
preview_polycount=1000000
remove_small_branches=0.0
preview_base_priority=0.51

[2026-07-17 21:48:59] INFO Fracture Preview settings changed
target_branch_count=5
force_stump_piece=False
separate_stems=False
branch_height_bias=-1.0
generate_caps=False
detailed_cuts_enabled=True
detailed_cut_intensity=55.0
detailed_cut_scale=1.25
detailed_cut_density=24
detailed_cut_max_bend_angle=75.0
preview_polycount=1000000
remove_small_branches=0.0
preview_base_priority=0.33

[2026-07-17 21:48:59] INFO Fracture Preview settings changed
target_branch_count=5
force_stump_piece=False
separate_stems=False
branch_height_bias=-1.0
generate_caps=False
detailed_cuts_enabled=False
detailed_cut_intensity=55.0
detailed_cut_scale=1.25
detailed_cut_density=24
detailed_cut_max_bend_angle=75.0
preview_polycount=1000000
remove_small_branches=0.0
preview_base_priority=0.33

[2026-07-17 21:48:59] INFO Fracture Preview settings changed
target_branch_count=5
force_stump_piece=False
separate_stems=False
branch_height_bias=-1.0
generate_caps=False
detailed_cuts_enabled=False
detailed_cut_intensity=100.0
detailed_cut_scale=1.25
detailed_cut_density=24
detailed_cut_max_bend_angle=75.0
preview_polycount=1000000
remove_small_branches=0.0
preview_base_priority=0.33

[2026-07-17 21:48:59] INFO Fracture Preview settings changed
target_branch_count=5
force_stump_piece=False
separate_stems=False
branch_height_bias=-1.0
generate_caps=False
detailed_cuts_enabled=False
detailed_cut_intensity=100.0
detailed_cut_scale=2.0
detailed_cut_density=24
detailed_cut_max_bend_angle=75.0
preview_polycount=1000000
remove_small_branches=0.0
preview_base_priority=0.33

[2026-07-17 21:48:59] INFO Fracture Preview settings changed
target_branch_count=5
force_stump_piece=False
separate_stems=False
branch_height_bias=-1.0
generate_caps=False
detailed_cuts_enabled=False
detailed_cut_intensity=100.0
detailed_cut_scale=2.0
detailed_cut_density=64
detailed_cut_max_bend_angle=75.0
preview_polycount=1000000
remove_small_branches=0.0
preview_base_priority=0.33

[2026-07-17 21:48:59] INFO Fracture Preview settings changed
target_branch_count=5
force_stump_piece=False
separate_stems=False
branch_height_bias=-1.0
generate_caps=False
detailed_cuts_enabled=False
detailed_cut_intensity=100.0
detailed_cut_scale=2.0
detailed_cut_density=64
detailed_cut_max_bend_angle=180.0
preview_polycount=1000000
remove_small_branches=0.0
preview_base_priority=0.33

[2026-07-17 21:48:59] INFO Fracture Preview settings changed
target_branch_count=5
force_stump_piece=True
separate_stems=False
branch_height_bias=-1.0
generate_caps=False
detailed_cuts_enabled=False
detailed_cut_intensity=100.0
detailed_cut_scale=2.0
detailed_cut_density=64
detailed_cut_max_bend_angle=180.0
preview_polycount=1000000
remove_small_branches=0.0
preview_base_priority=0.33

[2026-07-17 21:48:59] INFO Fracture Preview settings changed
target_branch_count=5
force_stump_piece=True
separate_stems=False
branch_height_bias=-1.0
generate_caps=True
detailed_cuts_enabled=False
detailed_cut_intensity=100.0
detailed_cut_scale=2.0
detailed_cut_density=64
detailed_cut_max_bend_angle=180.0
preview_polycount=1000000
remove_small_branches=0.0
preview_base_priority=0.33

[2026-07-17 21:48:59] INFO Fracture Preview settings changed
target_branch_count=5
force_stump_piece=True
separate_stems=False
branch_height_bias=0.0
generate_caps=True
detailed_cuts_enabled=False
detailed_cut_intensity=100.0
detailed_cut_scale=2.0
detailed_cut_density=64
detailed_cut_max_bend_angle=180.0
preview_polycount=1000000
remove_small_branches=0.0
preview_base_priority=0.33

[2026-07-17 21:48:59] INFO Fracture Preview settings changed
target_branch_count=5
force_stump_piece=True
separate_stems=False
branch_height_bias=0.0
generate_caps=True
detailed_cuts_enabled=False
detailed_cut_intensity=100.0
detailed_cut_scale=2.0
detailed_cut_density=64
detailed_cut_max_bend_angle=180.0
preview_polycount=1000000
remove_small_branches=0.0
preview_base_priority=0.74

[2026-07-17 21:48:59] INFO Fracture Preview settings changed
target_branch_count=5
force_stump_piece=True
separate_stems=False
branch_height_bias=0.0
generate_caps=True
detailed_cuts_enabled=True
detailed_cut_intensity=100.0
detailed_cut_scale=2.0
detailed_cut_density=64
detailed_cut_max_bend_angle=180.0
preview_polycount=1000000
remove_small_branches=0.0
preview_base_priority=0.74

[2026-07-17 21:48:59] INFO Fracture Preview settings changed
target_branch_count=5
force_stump_piece=True
separate_stems=False
branch_height_bias=0.0
generate_caps=True
detailed_cuts_enabled=True
detailed_cut_intensity=0.0
detailed_cut_scale=2.0
detailed_cut_density=64
detailed_cut_max_bend_angle=180.0
preview_polycount=1000000
remove_small_branches=0.0
preview_base_priority=0.74

[2026-07-17 21:48:59] INFO Fracture Preview settings changed
target_branch_count=5
force_stump_piece=True
separate_stems=False
branch_height_bias=0.0
generate_caps=True
detailed_cuts_enabled=True
detailed_cut_intensity=0.0
detailed_cut_scale=0.1
detailed_cut_density=64
detailed_cut_max_bend_angle=180.0
preview_polycount=1000000
remove_small_branches=0.0
preview_base_priority=0.74

[2026-07-17 21:48:59] INFO Fracture Preview settings changed
target_branch_count=5
force_stump_piece=True
separate_stems=False
branch_height_bias=0.0
generate_caps=True
detailed_cuts_enabled=True
detailed_cut_intensity=0.0
detailed_cut_scale=0.1
detailed_cut_density=4
detailed_cut_max_bend_angle=180.0
preview_polycount=1000000
remove_small_branches=0.0
preview_base_priority=0.74

[2026-07-17 21:48:59] INFO Fracture Preview settings changed
target_branch_count=5
force_stump_piece=True
separate_stems=False
branch_height_bias=0.0
generate_caps=True
detailed_cuts_enabled=True
detailed_cut_intensity=0.0
detailed_cut_scale=0.1
detailed_cut_density=4
detailed_cut_max_bend_angle=5.0
preview_polycount=1000000
remove_small_branches=0.0
preview_base_priority=0.74

[2026-07-17 21:48:59] INFO Fracture Preview settings changed
target_branch_count=5
force_stump_piece=False
separate_stems=False
branch_height_bias=0.0
generate_caps=True
detailed_cuts_enabled=True
detailed_cut_intensity=0.0
detailed_cut_scale=0.1
detailed_cut_density=4
detailed_cut_max_bend_angle=5.0
preview_polycount=1000000
remove_small_branches=0.0
preview_base_priority=0.74

[2026-07-17 21:48:59] INFO Fracture Preview settings changed
target_branch_count=14
force_stump_piece=False
separate_stems=False
branch_height_bias=0.0
generate_caps=True
detailed_cuts_enabled=True
detailed_cut_intensity=0.0
detailed_cut_scale=0.1
detailed_cut_density=4
detailed_cut_max_bend_angle=5.0
preview_polycount=1000000
remove_small_branches=0.0
preview_base_priority=0.74

[2026-07-17 21:48:59] INFO Fracture Preview settings changed
target_branch_count=14
force_stump_piece=False
separate_stems=False
branch_height_bias=1.0
generate_caps=True
detailed_cuts_enabled=True
detailed_cut_intensity=0.0
detailed_cut_scale=0.1
detailed_cut_density=4
detailed_cut_max_bend_angle=5.0
preview_polycount=1000000
remove_small_branches=0.0
preview_base_priority=0.74

[2026-07-17 21:48:59] INFO Fracture Preview settings changed
target_branch_count=14
force_stump_piece=False
separate_stems=False
branch_height_bias=1.0
generate_caps=True
detailed_cuts_enabled=True
detailed_cut_intensity=0.0
detailed_cut_scale=0.1
detailed_cut_density=4
detailed_cut_max_bend_angle=5.0
preview_polycount=1000000
remove_small_branches=0.0
preview_base_priority=0.51

[2026-07-17 21:48:59] INFO Fracture Preview settings changed
target_branch_count=14
force_stump_piece=False
separate_stems=False
branch_height_bias=1.0
generate_caps=True
detailed_cuts_enabled=False
detailed_cut_intensity=0.0
detailed_cut_scale=0.1
detailed_cut_density=4
detailed_cut_max_bend_angle=5.0
preview_polycount=1000000
remove_small_branches=0.0
preview_base_priority=0.51

[2026-07-17 21:48:59] INFO Fracture Preview settings changed
target_branch_count=14
force_stump_piece=False
separate_stems=False
branch_height_bias=1.0
generate_caps=True
detailed_cuts_enabled=False
detailed_cut_intensity=20.0
detailed_cut_scale=0.1
detailed_cut_density=4
detailed_cut_max_bend_angle=5.0
preview_polycount=1000000
remove_small_branches=0.0
preview_base_priority=0.51

[2026-07-17 21:48:59] INFO Fracture Preview settings changed
target_branch_count=14
force_stump_piece=False
separate_stems=False
branch_height_bias=1.0
generate_caps=True
detailed_cuts_enabled=False
detailed_cut_intensity=20.0
detailed_cut_scale=0.65
detailed_cut_density=4
detailed_cut_max_bend_angle=5.0
preview_polycount=1000000
remove_small_branches=0.0
preview_base_priority=0.51

[2026-07-17 21:48:59] INFO Fracture Preview settings changed
target_branch_count=14
force_stump_piece=False
separate_stems=False
branch_height_bias=1.0
generate_caps=True
detailed_cuts_enabled=False
detailed_cut_intensity=20.0
detailed_cut_scale=0.65
detailed_cut_density=8
detailed_cut_max_bend_angle=5.0
preview_polycount=1000000
remove_small_branches=0.0
preview_base_priority=0.51

[2026-07-17 21:48:59] INFO Fracture Preview settings changed
target_branch_count=14
force_stump_piece=False
separate_stems=False
branch_height_bias=1.0
generate_caps=True
detailed_cuts_enabled=False
detailed_cut_intensity=20.0
detailed_cut_scale=0.65
detailed_cut_density=8
detailed_cut_max_bend_angle=30.0
preview_polycount=1000000
remove_small_branches=0.0
preview_base_priority=0.51

[2026-07-17 21:48:59] INFO Fracture Preview settings changed
target_branch_count=14
force_stump_piece=True
separate_stems=False
branch_height_bias=1.0
generate_caps=True
detailed_cuts_enabled=False
detailed_cut_intensity=20.0
detailed_cut_scale=0.65
detailed_cut_density=8
detailed_cut_max_bend_angle=30.0
preview_polycount=1000000
remove_small_branches=0.0
preview_base_priority=0.51

[2026-07-17 21:48:59] INFO Fracture Preview settings changed
target_branch_count=14
force_stump_piece=True
separate_stems=False
branch_height_bias=1.0
generate_caps=False
detailed_cuts_enabled=False
detailed_cut_intensity=20.0
detailed_cut_scale=0.65
detailed_cut_density=8
detailed_cut_max_bend_angle=30.0
preview_polycount=1000000
remove_small_branches=0.0
preview_base_priority=0.51

[2026-07-17 21:48:59] INFO Fracture Preview settings changed
target_branch_count=26
force_stump_piece=True
separate_stems=False
branch_height_bias=1.0
generate_caps=False
detailed_cuts_enabled=False
detailed_cut_intensity=20.0
detailed_cut_scale=0.65
detailed_cut_density=8
detailed_cut_max_bend_angle=30.0
preview_polycount=1000000
remove_small_branches=0.0
preview_base_priority=0.51

[2026-07-17 21:48:59] INFO Fracture Preview settings changed
target_branch_count=26
force_stump_piece=True
separate_stems=False
branch_height_bias=-1.0
generate_caps=False
detailed_cuts_enabled=False
detailed_cut_intensity=20.0
detailed_cut_scale=0.65
detailed_cut_density=8
detailed_cut_max_bend_angle=30.0
preview_polycount=1000000
remove_small_branches=0.0
preview_base_priority=0.51

[2026-07-17 21:48:59] INFO Fracture Preview settings changed
target_branch_count=26
force_stump_piece=True
separate_stems=False
branch_height_bias=-1.0
generate_caps=False
detailed_cuts_enabled=False
detailed_cut_intensity=20.0
detailed_cut_scale=0.65
detailed_cut_density=8
detailed_cut_max_bend_angle=30.0
preview_polycount=1000000
remove_small_branches=0.0
preview_base_priority=0.33

[2026-07-17 21:48:59] INFO Fracture Preview settings changed
target_branch_count=26
force_stump_piece=True
separate_stems=False
branch_height_bias=-1.0
generate_caps=True
detailed_cuts_enabled=True
detailed_cut_intensity=20.0
detailed_cut_scale=0.65
detailed_cut_density=8
detailed_cut_max_bend_angle=30.0
preview_polycount=1000000
remove_small_branches=0.0
preview_base_priority=0.33

[2026-07-17 21:48:59] INFO Fracture Preview settings changed
target_branch_count=26
force_stump_piece=True
separate_stems=False
branch_height_bias=-1.0
generate_caps=True
detailed_cuts_enabled=True
detailed_cut_intensity=55.0
detailed_cut_scale=0.65
detailed_cut_density=8
detailed_cut_max_bend_angle=30.0
preview_polycount=1000000
remove_small_branches=0.0
preview_base_priority=0.33

[2026-07-17 21:48:59] INFO Fracture Preview settings changed
target_branch_count=26
force_stump_piece=True
separate_stems=False
branch_height_bias=-1.0
generate_caps=True
detailed_cuts_enabled=True
detailed_cut_intensity=55.0
detailed_cut_scale=1.25
detailed_cut_density=8
detailed_cut_max_bend_angle=30.0
preview_polycount=1000000
remove_small_branches=0.0
preview_base_priority=0.33

[2026-07-17 21:48:59] INFO Fracture Preview settings changed
target_branch_count=26
force_stump_piece=True
separate_stems=False
branch_height_bias=-1.0
generate_caps=True
detailed_cuts_enabled=True
detailed_cut_intensity=55.0
detailed_cut_scale=1.25
detailed_cut_density=24
detailed_cut_max_bend_angle=30.0
preview_polycount=1000000
remove_small_branches=0.0
preview_base_priority=0.33

[2026-07-17 21:48:59] INFO Fracture Preview settings changed
target_branch_count=26
force_stump_piece=True
separate_stems=False
branch_height_bias=-1.0
generate_caps=True
detailed_cuts_enabled=True
detailed_cut_intensity=55.0
detailed_cut_scale=1.25
detailed_cut_density=24
detailed_cut_max_bend_angle=75.0
preview_polycount=1000000
remove_small_branches=0.0
preview_base_priority=0.33

[2026-07-17 21:48:59] INFO Fracture Preview settings changed
target_branch_count=26
force_stump_piece=False
separate_stems=False
branch_height_bias=-1.0
generate_caps=True
detailed_cuts_enabled=True
detailed_cut_intensity=55.0
detailed_cut_scale=1.25
detailed_cut_density=24
detailed_cut_max_bend_angle=75.0
preview_polycount=1000000
remove_small_branches=0.0
preview_base_priority=0.33

[2026-07-17 21:48:59] INFO Fracture Preview settings changed
target_branch_count=5
force_stump_piece=False
separate_stems=False
branch_height_bias=-1.0
generate_caps=True
detailed_cuts_enabled=True
detailed_cut_intensity=55.0
detailed_cut_scale=1.25
detailed_cut_density=24
detailed_cut_max_bend_angle=75.0
preview_polycount=1000000
remove_small_branches=0.0
preview_base_priority=0.33

[2026-07-17 21:48:59] INFO Fracture Preview settings changed
target_branch_count=5
force_stump_piece=False
separate_stems=False
branch_height_bias=0.0
generate_caps=True
detailed_cuts_enabled=True
detailed_cut_intensity=55.0
detailed_cut_scale=1.25
detailed_cut_density=24
detailed_cut_max_bend_angle=75.0
preview_polycount=1000000
remove_small_branches=0.0
preview_base_priority=0.33

[2026-07-17 21:48:59] INFO Fracture Preview settings changed
target_branch_count=5
force_stump_piece=False
separate_stems=False
branch_height_bias=0.0
generate_caps=True
detailed_cuts_enabled=True
detailed_cut_intensity=55.0
detailed_cut_scale=1.25
detailed_cut_density=24
detailed_cut_max_bend_angle=75.0
preview_polycount=1000000
remove_small_branches=0.0
preview_base_priority=0.74

[2026-07-17 21:48:59] INFO Fracture Preview settings changed
target_branch_count=5
force_stump_piece=False
separate_stems=False
branch_height_bias=0.0
generate_caps=True
detailed_cuts_enabled=False
detailed_cut_intensity=55.0
detailed_cut_scale=1.25
detailed_cut_density=24
detailed_cut_max_bend_angle=75.0
preview_polycount=1000000
remove_small_branches=0.0
preview_base_priority=0.74

[2026-07-17 21:48:59] INFO Fracture Preview settings changed
target_branch_count=5
force_stump_piece=False
separate_stems=False
branch_height_bias=0.0
generate_caps=True
detailed_cuts_enabled=False
detailed_cut_intensity=100.0
detailed_cut_scale=1.25
detailed_cut_density=24
detailed_cut_max_bend_angle=75.0
preview_polycount=1000000
remove_small_branches=0.0
preview_base_priority=0.74

[2026-07-17 21:48:59] INFO Fracture Preview settings changed
target_branch_count=5
force_stump_piece=False
separate_stems=False
branch_height_bias=0.0
generate_caps=True
detailed_cuts_enabled=False
detailed_cut_intensity=100.0
detailed_cut_scale=2.0
detailed_cut_density=24
detailed_cut_max_bend_angle=75.0
preview_polycount=1000000
remove_small_branches=0.0
preview_base_priority=0.74

[2026-07-17 21:48:59] INFO Fracture Preview settings changed
target_branch_count=5
force_stump_piece=False
separate_stems=False
branch_height_bias=0.0
generate_caps=True
detailed_cuts_enabled=False
detailed_cut_intensity=100.0
detailed_cut_scale=2.0
detailed_cut_density=64
detailed_cut_max_bend_angle=75.0
preview_polycount=1000000
remove_small_branches=0.0
preview_base_priority=0.74

[2026-07-17 21:48:59] INFO Fracture Preview settings changed
target_branch_count=5
force_stump_piece=False
separate_stems=False
branch_height_bias=0.0
generate_caps=True
detailed_cuts_enabled=False
detailed_cut_intensity=100.0
detailed_cut_scale=2.0
detailed_cut_density=64
detailed_cut_max_bend_angle=180.0
preview_polycount=1000000
remove_small_branches=0.0
preview_base_priority=0.74

[2026-07-17 21:48:59] INFO Fracture Preview settings changed
target_branch_count=5
force_stump_piece=True
separate_stems=False
branch_height_bias=0.0
generate_caps=True
detailed_cuts_enabled=False
detailed_cut_intensity=100.0
detailed_cut_scale=2.0
detailed_cut_density=64
detailed_cut_max_bend_angle=180.0
preview_polycount=1000000
remove_small_branches=0.0
preview_base_priority=0.74

[2026-07-17 21:48:59] INFO Fracture Preview settings changed
target_branch_count=5
force_stump_piece=True
separate_stems=False
branch_height_bias=1.0
generate_caps=True
detailed_cuts_enabled=False
detailed_cut_intensity=100.0
detailed_cut_scale=2.0
detailed_cut_density=64
detailed_cut_max_bend_angle=180.0
preview_polycount=1000000
remove_small_branches=0.0
preview_base_priority=0.74

[2026-07-17 21:48:59] INFO Fracture Preview settings changed
target_branch_count=5
force_stump_piece=True
separate_stems=False
branch_height_bias=1.0
generate_caps=True
detailed_cuts_enabled=False
detailed_cut_intensity=100.0
detailed_cut_scale=2.0
detailed_cut_density=64
detailed_cut_max_bend_angle=180.0
preview_polycount=1000000
remove_small_branches=0.0
preview_base_priority=0.51

[2026-07-17 21:48:59] INFO Fracture Preview settings changed
target_branch_count=5
force_stump_piece=True
separate_stems=False
branch_height_bias=1.0
generate_caps=True
detailed_cuts_enabled=True
detailed_cut_intensity=100.0
detailed_cut_scale=2.0
detailed_cut_density=64
detailed_cut_max_bend_angle=180.0
preview_polycount=1000000
remove_small_branches=0.0
preview_base_priority=0.51

[2026-07-17 21:48:59] INFO Fracture Preview settings changed
target_branch_count=5
force_stump_piece=True
separate_stems=False
branch_height_bias=1.0
generate_caps=True
detailed_cuts_enabled=True
detailed_cut_intensity=0.0
detailed_cut_scale=2.0
detailed_cut_density=64
detailed_cut_max_bend_angle=180.0
preview_polycount=1000000
remove_small_branches=0.0
preview_base_priority=0.51

[2026-07-17 21:48:59] INFO Fracture Preview settings changed
target_branch_count=5
force_stump_piece=True
separate_stems=False
branch_height_bias=1.0
generate_caps=True
detailed_cuts_enabled=True
detailed_cut_intensity=0.0
detailed_cut_scale=0.1
detailed_cut_density=64
detailed_cut_max_bend_angle=180.0
preview_polycount=1000000
remove_small_branches=0.0
preview_base_priority=0.51

[2026-07-17 21:48:59] INFO Fracture Preview settings changed
target_branch_count=5
force_stump_piece=True
separate_stems=False
branch_height_bias=1.0
generate_caps=True
detailed_cuts_enabled=True
detailed_cut_intensity=0.0
detailed_cut_scale=0.1
detailed_cut_density=4
detailed_cut_max_bend_angle=180.0
preview_polycount=1000000
remove_small_branches=0.0
preview_base_priority=0.51

[2026-07-17 21:48:59] INFO Fracture Preview settings changed
target_branch_count=5
force_stump_piece=True
separate_stems=False
branch_height_bias=1.0
generate_caps=True
detailed_cuts_enabled=True
detailed_cut_intensity=0.0
detailed_cut_scale=0.1
detailed_cut_density=4
detailed_cut_max_bend_angle=5.0
preview_polycount=1000000
remove_small_branches=0.0
preview_base_priority=0.51

[2026-07-17 21:48:59] INFO Fracture Preview settings changed
target_branch_count=5
force_stump_piece=False
separate_stems=False
branch_height_bias=1.0
generate_caps=True
detailed_cuts_enabled=True
detailed_cut_intensity=0.0
detailed_cut_scale=0.1
detailed_cut_density=4
detailed_cut_max_bend_angle=5.0
preview_polycount=1000000
remove_small_branches=0.0
preview_base_priority=0.51

[2026-07-17 21:48:59] INFO Fracture Preview settings changed
target_branch_count=5
force_stump_piece=False
separate_stems=False
branch_height_bias=1.0
generate_caps=False
detailed_cuts_enabled=True
detailed_cut_intensity=0.0
detailed_cut_scale=0.1
detailed_cut_density=4
detailed_cut_max_bend_angle=5.0
preview_polycount=1000000
remove_small_branches=0.0
preview_base_priority=0.51

[2026-07-17 21:48:59] INFO Fracture Preview settings changed
target_branch_count=14
force_stump_piece=False
separate_stems=False
branch_height_bias=1.0
generate_caps=False
detailed_cuts_enabled=True
detailed_cut_intensity=0.0
detailed_cut_scale=0.1
detailed_cut_density=4
detailed_cut_max_bend_angle=5.0
preview_polycount=1000000
remove_small_branches=0.0
preview_base_priority=0.51

[2026-07-17 21:48:59] INFO Fracture Preview settings changed
target_branch_count=14
force_stump_piece=False
separate_stems=False
branch_height_bias=-1.0
generate_caps=False
detailed_cuts_enabled=True
detailed_cut_intensity=0.0
detailed_cut_scale=0.1
detailed_cut_density=4
detailed_cut_max_bend_angle=5.0
preview_polycount=1000000
remove_small_branches=0.0
preview_base_priority=0.51

[2026-07-17 21:48:59] INFO Fracture Preview settings changed
target_branch_count=14
force_stump_piece=False
separate_stems=False
branch_height_bias=-1.0
generate_caps=False
detailed_cuts_enabled=True
detailed_cut_intensity=0.0
detailed_cut_scale=0.1
detailed_cut_density=4
detailed_cut_max_bend_angle=5.0
preview_polycount=1000000
remove_small_branches=0.0
preview_base_priority=0.33

[2026-07-17 21:48:59] INFO Fracture Preview settings changed
target_branch_count=14
force_stump_piece=False
separate_stems=False
branch_height_bias=-1.0
generate_caps=False
detailed_cuts_enabled=False
detailed_cut_intensity=0.0
detailed_cut_scale=0.1
detailed_cut_density=4
detailed_cut_max_bend_angle=5.0
preview_polycount=1000000
remove_small_branches=0.0
preview_base_priority=0.33

[2026-07-17 21:48:59] INFO Fracture Preview settings changed
target_branch_count=14
force_stump_piece=False
separate_stems=False
branch_height_bias=-1.0
generate_caps=False
detailed_cuts_enabled=False
detailed_cut_intensity=20.0
detailed_cut_scale=0.1
detailed_cut_density=4
detailed_cut_max_bend_angle=5.0
preview_polycount=1000000
remove_small_branches=0.0
preview_base_priority=0.33

[2026-07-17 21:48:59] INFO Fracture Preview settings changed
target_branch_count=14
force_stump_piece=False
separate_stems=False
branch_height_bias=-1.0
generate_caps=False
detailed_cuts_enabled=False
detailed_cut_intensity=20.0
detailed_cut_scale=0.65
detailed_cut_density=4
detailed_cut_max_bend_angle=5.0
preview_polycount=1000000
remove_small_branches=0.0
preview_base_priority=0.33

[2026-07-17 21:48:59] INFO Fracture Preview settings changed
target_branch_count=14
force_stump_piece=False
separate_stems=False
branch_height_bias=-1.0
generate_caps=False
detailed_cuts_enabled=False
detailed_cut_intensity=20.0
detailed_cut_scale=0.65
detailed_cut_density=8
detailed_cut_max_bend_angle=5.0
preview_polycount=1000000
remove_small_branches=0.0
preview_base_priority=0.33

[2026-07-17 21:48:59] INFO Fracture Preview settings changed
target_branch_count=14
force_stump_piece=False
separate_stems=False
branch_height_bias=-1.0
generate_caps=False
detailed_cuts_enabled=False
detailed_cut_intensity=20.0
detailed_cut_scale=0.65
detailed_cut_density=8
detailed_cut_max_bend_angle=30.0
preview_polycount=1000000
remove_small_branches=0.0
preview_base_priority=0.33

[2026-07-17 21:48:59] INFO Fracture Preview settings changed
target_branch_count=5
force_stump_piece=False
separate_stems=False
branch_height_bias=-1.0
generate_caps=False
detailed_cuts_enabled=False
detailed_cut_intensity=20.0
detailed_cut_scale=0.65
detailed_cut_density=8
detailed_cut_max_bend_angle=30.0
preview_polycount=1000000
remove_small_branches=0.0
preview_base_priority=0.33

[2026-07-17 21:48:59] INFO Fracture Preview settings changed
target_branch_count=5
force_stump_piece=True
separate_stems=False
branch_height_bias=-1.0
generate_caps=False
detailed_cuts_enabled=False
detailed_cut_intensity=20.0
detailed_cut_scale=0.65
detailed_cut_density=8
detailed_cut_max_bend_angle=30.0
preview_polycount=1000000
remove_small_branches=0.0
preview_base_priority=0.33

[2026-07-17 21:48:59] INFO Fracture Preview settings changed
target_branch_count=5
force_stump_piece=True
separate_stems=False
branch_height_bias=-1.0
generate_caps=True
detailed_cuts_enabled=False
detailed_cut_intensity=20.0
detailed_cut_scale=0.65
detailed_cut_density=8
detailed_cut_max_bend_angle=30.0
preview_polycount=1000000
remove_small_branches=0.0
preview_base_priority=0.33

[2026-07-17 21:48:59] INFO Fracture Preview settings changed
target_branch_count=5
force_stump_piece=True
separate_stems=False
branch_height_bias=-1.0
generate_caps=True
detailed_cuts_enabled=False
detailed_cut_intensity=22.0
detailed_cut_scale=0.65
detailed_cut_density=8
detailed_cut_max_bend_angle=30.0
preview_polycount=1000000
remove_small_branches=0.0
preview_base_priority=0.33

[2026-07-17 21:48:59] INFO Fracture Preview settings changed
target_branch_count=5
force_stump_piece=True
separate_stems=False
branch_height_bias=-1.0
generate_caps=True
detailed_cuts_enabled=False
detailed_cut_intensity=22.0
detailed_cut_scale=0.7
detailed_cut_density=8
detailed_cut_max_bend_angle=30.0
preview_polycount=1000000
remove_small_branches=0.0
preview_base_priority=0.33

[2026-07-17 21:48:59] INFO Fracture Preview settings changed
target_branch_count=5
force_stump_piece=True
separate_stems=False
branch_height_bias=-1.0
generate_caps=True
detailed_cuts_enabled=False
detailed_cut_intensity=22.0
detailed_cut_scale=0.7
detailed_cut_density=8
detailed_cut_max_bend_angle=35.0
preview_polycount=1000000
remove_small_branches=0.0
preview_base_priority=0.33

[2026-07-17 21:48:59] INFO Fracture Preview settings changed
target_branch_count=5
force_stump_piece=True
separate_stems=False
branch_height_bias=-1.0
generate_caps=True
detailed_cuts_enabled=True
detailed_cut_intensity=22.0
detailed_cut_scale=0.7
detailed_cut_density=8
detailed_cut_max_bend_angle=35.0
preview_polycount=1000000
remove_small_branches=0.0
preview_base_priority=0.33

[2026-07-17 21:49:06] INFO Fracture Preview result received
piece_count=7
prototype_count=1
instance_count=3613

[2026-07-17 21:49:06] INFO Fracture Preview preparing viewport mesh

[2026-07-17 21:49:06] INFO Fracture Preview viewport mesh ready
piece_count=7
instance_count=3613
uploaded_triangles=77765
logical_triangles=10148509
